\BOOKMARK [1][-]{section.1}{\376\377\000W\000s\000t\001\031\000p}{}% 1
\BOOKMARK [2][-]{subsection.1.1}{\376\377\000P\000r\000o\000b\000l\000e\000m\000a\000t\000y\000k\000a\000\040\000i\000\040\000z\000a\000k\000r\000e\000s\000\040\000p\000r\000a\000c\000y}{section.1}% 2
\BOOKMARK [2][-]{subsection.1.2}{\376\377\000C\000e\000l\000e\000\040\000p\000r\000a\000c\000y}{section.1}% 3
\BOOKMARK [2][-]{subsection.1.3}{\376\377\000U\000k\001\102\000a\000d\000\040\000p\000r\000a\000c\000y}{section.1}% 4
\BOOKMARK [1][-]{section.2}{\376\377\000P\000r\000z\000e\000g\000l\001\005\000d\000\040\000l\000i\000t\000e\000r\000a\000t\000u\000r\000y}{}% 5
\BOOKMARK [2][-]{subsection.2.1}{\376\377\000A\000u\000t\000o\000m\000a\000t\000y\000z\000a\000c\000j\000a\000\040\000i\000\040\000p\000e\000r\000s\000o\000n\000a\000l\000i\000z\000a\000c\000j\000a\000\040\000p\000l\000a\000n\000o\000w\000a\000n\000i\000a\000\040\000z\000a\000d\000a\001\104}{section.2}% 6
\BOOKMARK [3][-]{subsubsection.2.1.1}{\376\377\000M\000e\000t\000o\000d\000y\000k\000a\000\040\000s\000y\000s\000t\000e\000m\000a\000t\000y\000c\000z\000n\000e\000g\000o\000\040\000p\000r\000z\000e\000g\000l\001\005\000d\000u\000\040\000l\000i\000t\000e\000r\000a\000t\000u\000r\000y}{subsection.2.1}% 7
\BOOKMARK [3][-]{subsubsection.2.1.2}{\376\377\000P\000y\000t\000a\000n\000i\000a\000\040\000b\000a\000d\000a\000w\000c\000z\000e\000\040\000p\000r\000z\000e\000g\000l\001\005\000d\000u}{subsection.2.1}% 8
\BOOKMARK [3][-]{subsubsection.2.1.3}{\376\377\000S\000t\000r\000a\000t\000e\000g\000i\000a\000\040\000w\000y\000s\000z\000u\000k\000i\000w\000a\000n\000i\000a}{subsection.2.1}% 9
\BOOKMARK [3][-]{subsubsection.2.1.4}{\376\377\000W\000a\000r\000u\000n\000k\000i\000\040\000u\000w\000z\000g\000l\001\031\000d\000n\000i\000e\000n\000i\000a\000\040\000i\000\040\000w\000y\000k\000l\000u\000c\000z\000e\000n\000i\000a}{subsection.2.1}% 10
\BOOKMARK [3][-]{subsubsection.2.1.5}{\376\377\000O\000c\000e\000n\000a\000\040\000j\000a\000k\000o\001\133\000c\000i\000\040\000\050\000Q\000u\000a\000l\000i\000t\000y\000\040\000A\000s\000s\000e\000s\000s\000m\000e\000n\000t\000\051}{subsection.2.1}% 11
\BOOKMARK [3][-]{subsubsection.2.1.6}{\376\377\000P\000r\000o\000c\000e\000d\000u\000r\000a\000\040\000s\000e\000l\000e\000k\000c\000j\000i}{subsection.2.1}% 12
\BOOKMARK [3][-]{subsubsection.2.1.7}{\376\377\000E\000k\000s\000t\000r\000a\000k\000c\000j\000a\000\040\000i\000\040\000s\000y\000n\000t\000e\000z\000a\000\040\000d\000a\000n\000y\000c\000h}{subsection.2.1}% 13
\BOOKMARK [3][-]{subsubsection.2.1.8}{\376\377\000W\000y\000n\000i\000k\000i\000\040\000s\000y\000s\000t\000e\000m\000a\000t\000y\000c\000z\000n\000e\000g\000o\000\040\000p\000r\000z\000e\000g\000l\001\005\000d\000u\000\040\000l\000i\000t\000e\000r\000a\000t\000u\000r\000y}{subsection.2.1}% 14
\BOOKMARK [3][-]{subsubsection.2.1.9}{\376\377\000O\000p\000i\000s\000\040\000b\000a\000d\000a\001\104\000\040\000p\000o\000d\000s\000t\000a\000w\000o\000w\000y\000c\000h}{subsection.2.1}% 15
\BOOKMARK [3][-]{subsubsection.2.1.10}{\376\377\000W\000y\000k\000a\000z\000\040\000a\000n\000a\000l\000i\000z\000y\000\040\000j\000a\000k\000o\001\133\000c\000i\000\040\000\050\000Q\000u\000a\000l\000i\000t\000y\000\040\000A\000s\000s\000e\000s\000s\000m\000e\000n\000t\000\051}{subsection.2.1}% 16
\BOOKMARK [3][-]{subsubsection.2.1.11}{\376\377\000R\000Q\0001\000:\000\040\000J\000a\000k\000i\000e\000\040\000s\001\005\000\040\000o\000b\000e\000c\000n\000e\000\040\000p\000o\000d\000s\000t\000a\000w\000y\000\040\000a\000l\000g\000o\000r\000y\000t\000m\000i\000c\000z\000n\000e\000\040\000w\000\040\000p\000e\000r\000s\000o\000n\000a\000l\000i\000z\000o\000w\000a\000n\000y\000m\000\040\000p\000l\000a\000n\000o\000w\000a\000n\000i\000u\000\040\000z\000a\000d\000a\001\104\000\040\000i\000\040\000j\000a\000k\000\040\000w\000y\000b\000r\000a\000n\000e\000\040\000m\000e\000t\000o\000d\000y\000\040\000\050\000G\000A\000,\000\040\000R\000L\000,\000\040\000a\000g\000e\000n\000c\000i\000\040\000A\000I\000\051\000\040\000w\000y\000p\000a\000d\000a\000j\000\040\002\333\000a\000\040\000w\000\040\000b\000e\000z\000p\000o\001\133\000r\000e\000d\000n\000i\000m\000\040\000p\000o\000r\000\363\000w\000n\000a\000n\000i\000u\000?}{subsection.2.1}% 17
\BOOKMARK [3][-]{subsubsection.2.1.12}{\376\377\000R\000Q\0002\000:\000\040\000J\000a\000k\000i\000e\000\040\000p\000a\000r\000a\000m\000e\000t\000r\000y\000\040\000i\000\040\000o\000g\000r\000a\000n\000i\000c\000z\000e\000n\000i\000a\000\040\000s\000k\000o\000n\000c\000e\000n\000t\000r\000o\000w\000a\000n\000e\000\040\000n\000a\000\040\000u\001\174\000y\000t\000k\000o\000w\000n\000i\000k\000u\000\040\000\050\000n\000p\000.\000\040\000z\000m\001\031\000c\000z\000e\000n\000i\000e\000,\000\040\000p\000r\000z\000e\000r\000w\000y\000,\000\040\000r\000y\000t\000m\000\040\000o\000k\000o\001\102\000o\000d\000o\000b\000o\000w\000y\000\051\000\040\000s\001\005\000\040\000n\000a\000j\000c\000z\001\031\001\133\000c\000i\000e\000j\000\040\000w\001\102\001\005\000c\000z\000a\000n\000e\000\040\000d\000o\000\040\000o\000m\000a\000w\000i\000a\000n\000y\000c\000h\000\040\000m\000o\000d\000e\000l\000i\000?}{subsection.2.1}% 18
\BOOKMARK [3][-]{subsubsection.2.1.13}{\376\377\000R\000Q\0003\000:\000\040\000W\000\040\000j\000a\000k\000i\000\040\000s\000p\000o\000s\000\363\000b\000\040\000d\000a\000n\000e\000\040\000o\000\040\000h\000i\000s\000t\000o\000r\000y\000c\000z\000n\000e\000j\000\040\000w\000y\000d\000a\000j\000n\000o\001\133\000c\000i\000\040\000u\001\174\000y\000t\000k\000o\000w\000n\000i\000k\000a\000\040\000\050\000n\000p\000.\000\040\001\133\000r\000e\000d\000n\000i\000\040\000c\000z\000a\000s\000\040\000r\000e\000a\000l\000i\000z\000a\000c\000j\000i\000\040\000z\000a\000d\000a\001\104\000\051\000\040\000s\001\005\000\040\000w\000y\000k\000o\000r\000z\000y\000s\000t\000y\000w\000a\000n\000e\000\040\000d\000o\000\040\000p\000e\000r\000s\000o\000n\000a\000l\000i\000z\000a\000c\000j\000i\000\040\000p\000r\000z\000y\000s\000z\001\102\000y\000c\000h\000\040\000p\000r\000z\000e\000w\000i\000d\000y\000w\000a\001\104\000\040\000w\000\040\000h\000a\000r\000m\000o\000n\000o\000g\000r\000a\000m\000i\000e\000?}{subsection.2.1}% 19
\BOOKMARK [3][-]{subsubsection.2.1.14}{\376\377\000R\000Q\0004\000:\000\040\000J\000a\000k\000i\000e\000\040\000s\001\005\000\040\000g\001\102\000\363\000w\000n\000e\000\040\000m\000e\000t\000o\000d\000y\000\040\000w\000e\000r\000y\000f\000i\000k\000a\000c\000j\000i\000,\000\040\000w\000y\000z\000w\000a\000n\000i\000a\000\040\000o\000r\000a\000z\000\040\000o\000g\000r\000a\000n\000i\000c\000z\000e\000n\000i\000a\000\040\000z\000i\000d\000e\000n\000t\000y\000f\000i\000k\000o\000w\000a\000n\000e\000\040\000w\000\040\000a\000k\000t\000u\000a\000l\000n\000y\000c\000h\000\040\000r\000o\000z\000w\000i\001\005\000z\000a\000n\000i\000a\000c\000h\000\040\000d\000o\000t\000y\000c\000z\001\005\000c\000y\000c\000h\000\040\000p\000l\000a\000n\000o\000w\000a\000n\000i\000a\000\040\000z\000a\000d\000a\001\104\000?}{subsection.2.1}% 20
\BOOKMARK [3][-]{subsubsection.2.1.15}{\376\377\000D\000y\000s\000k\000u\000s\000j\000a}{subsection.2.1}% 21
\BOOKMARK [2][-]{subsection.2.2}{\376\377\000R\000y\000t\000m\000\040\000d\000o\000b\000o\000w\000y\000\040\000i\000\040\000m\000o\000d\000e\000l\000o\000w\000a\000n\000i\000e\000\040\000f\000u\000n\000k\000c\000j\000o\000n\000o\000w\000a\000n\000i\000a\000\040\000c\000z\001\102\000o\000w\000i\000e\000k\000a}{section.2}% 22
\BOOKMARK [2][-]{subsection.2.3}{\376\377\000S\000y\000n\000t\000e\000z\000a\000\040\000l\000i\000t\000e\000r\000a\000t\000u\000r\000y\000\040\000i\000\040\000l\000u\000k\000a\000\040\000b\000a\000d\000a\000w\000c\000z\000a}{section.2}% 23
\BOOKMARK [1][-]{section.3}{\376\377\000W\000y\000b\000r\000a\000n\000e\000\040\000z\000a\000g\000a\000d\000n\000i\000e\000n\000i\000a\000\040\000t\000e\000o\000r\000e\000t\000y\000c\000z\000n\000e\000\040\000z\000\040\000z\000a\000k\000r\000e\000s\000u\000\040\000a\000u\000t\000o\000m\000a\000t\000y\000z\000a\000c\000j\000i\000\040\000p\000l\000a\000n\000o\000w\000a\000n\000i\000a\000\040\000z\000a\000d\000a\001\104\000\040\000i\000\040\000p\000e\000r\000s\000o\000n\000a\000l\000i\000z\000a\000c\000j\000i}{}% 24
\BOOKMARK [2][-]{subsection.3.1}{\376\377\000P\000r\000o\000b\000l\000e\000m\000\040\000a\000u\000t\000o\000m\000a\000t\000y\000c\000z\000n\000e\000g\000o\000\040\000p\000l\000a\000n\000o\000w\000a\000n\000i\000a\000\040\000z\000a\000d\000a\001\104}{section.3}% 25
\BOOKMARK [3][-]{subsubsection.3.1.1}{\376\377\000P\000l\000a\000n\000o\000w\000a\000n\000i\000e\000\040\000i\000\040\000h\000a\000r\000m\000o\000n\000o\000g\000r\000a\000m\000o\000w\000a\000n\000i\000e\000\040\000z\000a\000d\000a\001\104}{subsection.3.1}% 26
\BOOKMARK [3][-]{subsubsection.3.1.2}{\376\377\000P\000r\000o\000b\000l\000e\000m\000y\000\040\000J\000o\000b\000-\000S\000h\000o\000p\000\040\000S\000c\000h\000e\000d\000u\000l\000i\000n\000g\000\040\000i\000\040\000F\000l\000e\000x\000i\000b\000l\000e\000\040\000J\000o\000b\000-\000S\000h\000o\000p\000\040\000S\000c\000h\000e\000d\000u\000l\000i\000n\000g}{subsection.3.1}% 27
\BOOKMARK [3][-]{subsubsection.3.1.3}{\376\377\000M\000o\000d\000e\000l\000o\000w\000a\000n\000i\000e\000\040\000z\000a\000d\000a\001\104\000,\000\040\000z\000a\000s\000o\000b\000\363\000w\000\040\000i\000\040\000o\000g\000r\000a\000n\000i\000c\000z\000e\001\104}{subsection.3.1}% 28
\BOOKMARK [3][-]{subsubsection.3.1.4}{\376\377\000D\000y\000n\000a\000m\000i\000c\000z\000n\000e\000\040\000p\000r\000z\000e\000p\000l\000a\000n\000o\000w\000a\000n\000i\000e\000\040\000z\000a\000d\000a\001\104}{subsection.3.1}% 29
\BOOKMARK [3][-]{subsubsection.3.1.5}{\376\377\000P\000e\000r\000s\000o\000n\000a\000l\000i\000z\000a\000c\000j\000a\000\040\000i\000\040\000p\000o\000d\000e\000j\001\133\000c\000i\000e\000\040\000H\000u\000m\000a\000n\000-\000i\000n\000-\000t\000h\000e\000-\000L\000o\000o\000p}{subsection.3.1}% 30
\BOOKMARK [2][-]{subsection.3.2}{\376\377\000O\000p\000t\000y\000m\000a\000l\000i\000z\000a\000c\000j\000a\000\040\000w\000i\000e\000l\000o\000k\000r\000y\000t\000e\000r\000i\000a\000l\000n\000a}{section.3}% 31
\BOOKMARK [3][-]{subsubsection.3.2.1}{\376\377\000P\000r\000o\000b\000l\000e\000m\000\040\000o\000p\000t\000y\000m\000a\000l\000i\000z\000a\000c\000j\000i\000\040\000w\000i\000e\000l\000o\000k\000r\000y\000t\000e\000r\000i\000a\000l\000n\000e\000j}{subsection.3.2}% 32
\BOOKMARK [3][-]{subsubsection.3.2.2}{\376\377\000D\000o\000m\000i\000n\000a\000c\000j\000a\000\040\000P\000a\000r\000e\000t\000o\000\040\000i\000\040\000f\000r\000o\000n\000t\000\040\000P\000a\000r\000e\000t\000o}{subsection.3.2}% 33
\BOOKMARK [3][-]{subsubsection.3.2.3}{\376\377\000A\000l\000g\000o\000r\000y\000t\000m\000y\000\040\000e\000w\000o\000l\000u\000c\000y\000j\000n\000e\000\040\000w\000\040\000o\000p\000t\000y\000m\000a\000l\000i\000z\000a\000c\000j\000i\000\040\000w\000i\000e\000l\000o\000k\000r\000y\000t\000e\000r\000i\000a\000l\000n\000e\000j}{subsection.3.2}% 34
\BOOKMARK [3][-]{subsubsection.3.2.4}{\376\377\000A\000l\000g\000o\000r\000y\000t\000m\000\040\000N\000S\000G\000A\000-\000I\000I}{subsection.3.2}% 35
\BOOKMARK [3][-]{subsubsection.3.2.5}{\376\377\000A\000l\000g\000o\000r\000y\000t\000m\000\040\000N\000S\000G\000A\000-\000I\000I\000I}{subsection.3.2}% 36
\BOOKMARK [2][-]{subsection.3.3}{\376\377\000U\000c\000z\000e\000n\000i\000e\000\040\000p\000r\000z\000e\000z\000\040\000w\000z\000m\000a\000c\000n\000i\000a\000n\000i\000e}{section.3}% 37
\BOOKMARK [3][-]{subsubsection.3.3.1}{\376\377\000P\000o\000d\000s\000t\000a\000w\000y\000\040\000u\000c\000z\000e\000n\000i\000a\000\040\000p\000r\000z\000e\000z\000\040\000w\000z\000m\000a\000c\000n\000i\000a\000n\000i\000e}{subsection.3.3}% 38
\BOOKMARK [3][-]{subsubsection.3.3.2}{\376\377\000P\000r\000o\000c\000e\000s\000\040\000d\000e\000c\000y\000z\000y\000j\000n\000y\000\040\000M\000a\000r\000k\000o\000w\000a}{subsection.3.3}% 39
\BOOKMARK [3][-]{subsubsection.3.3.3}{\376\377\000F\000u\000n\000k\000c\000j\000a\000\040\000n\000a\000g\000r\000o\000d\000y\000\040\000i\000\040\000p\000o\000l\000i\000t\000y\000k\000a\000\040\000a\000g\000e\000n\000t\000a}{subsection.3.3}% 40
\BOOKMARK [3][-]{subsubsection.3.3.4}{\376\377\000P\000r\000o\000x\000i\000m\000a\000l\000\040\000P\000o\000l\000i\000c\000y\000\040\000O\000p\000t\000i\000m\000i\000z\000a\000t\000i\000o\000n}{subsection.3.3}% 41
\BOOKMARK [3][-]{subsubsection.3.3.5}{\376\377\000I\000n\000f\000o\000r\000m\000a\000c\000j\000a\000\040\000z\000w\000r\000o\000t\000n\000a\000\040\000u\001\174\000y\000t\000k\000o\000w\000n\000i\000k\000a\000\040\000w\000\040\000p\000r\000o\000c\000e\000s\000i\000e\000\040\000u\000c\000z\000e\000n\000i\000a}{subsection.3.3}% 42
\BOOKMARK [2][-]{subsection.3.4}{\376\377\000M\000o\000d\000e\000l\000o\000w\000a\000n\000i\000e\000\040\000z\000m\000i\000e\000n\000n\000o\001\133\000c\000i\000\040\000f\000u\000n\000k\000c\000j\000o\000n\000o\000w\000a\000n\000i\000a\000\040\000c\000z\001\102\000o\000w\000i\000e\000k\000a}{section.3}% 43
\BOOKMARK [3][-]{subsubsection.3.4.1}{\376\377\000R\000y\000t\000m\000\040\000o\000k\000o\001\102\000o\000d\000o\000b\000o\000w\000y}{subsection.3.4}% 44
\BOOKMARK [3][-]{subsubsection.3.4.2}{\376\377\000C\000h\000r\000o\000n\000o\000t\000y\000p\000\040\000i\000\040\000r\000\363\001\174\000n\000i\000c\000e\000\040\000i\000n\000d\000y\000w\000i\000d\000u\000a\000l\000n\000e}{subsection.3.4}% 45
\BOOKMARK [3][-]{subsubsection.3.4.3}{\376\377\000Z\000m\001\031\000c\000z\000e\000n\000i\000e\000\040\000i\000\040\000w\000y\000d\000a\000j\000n\000o\001\133\001\007\000\040\000p\000o\000d\000c\000z\000a\000s\000\040\000w\000y\000k\000o\000n\000y\000w\000a\000n\000i\000a\000\040\000z\000a\000d\000a\001\104}{subsection.3.4}% 46
\BOOKMARK [3][-]{subsubsection.3.4.4}{\376\377\000O\000d\000p\000o\000c\000z\000y\000n\000e\000k\000\040\000i\000\040\000r\000e\000g\000e\000n\000e\000r\000a\000c\000j\000a}{subsection.3.4}% 47
\BOOKMARK [3][-]{subsubsection.3.4.5}{\376\377\000R\000e\000p\000r\000e\000z\000e\000n\000t\000a\000c\000j\000a\000\040\000s\000t\000a\000n\000u\000\040\000u\001\174\000y\000t\000k\000o\000w\000n\000i\000k\000a\000\040\000w\000\040\000s\000y\000s\000t\000e\000m\000i\000e\000\040\000p\000l\000a\000n\000o\000w\000a\000n\000i\000a}{subsection.3.4}% 48
\BOOKMARK [1][-]{section.4}{\376\377\000W\000y\000k\000o\000r\000z\000y\000s\000t\000a\000n\000e\000\040\000d\000a\000n\000e\000\040\000i\000\040\000s\000t\000o\000s\000\040\000t\000e\000c\000h\000n\000o\000l\000o\000g\000i\000c\000z\000n\000y}{}% 49
\BOOKMARK [2][-]{subsection.4.1}{\376\377\000B\000a\000z\000y\000\040\000d\000a\000n\000y\000c\000h}{section.4}% 50
\BOOKMARK [2][-]{subsection.4.2}{\376\377\000A\000u\000g\000m\000e\000n\000t\000a\000c\000j\000a\000\040\000i\000\040\000s\000y\000n\000t\000e\000z\000a\000\040\000d\000a\000n\000y\000c\000h}{section.4}% 51
\BOOKMARK [2][-]{subsection.4.3}{\376\377\000W\000y\000k\000o\000r\000z\000y\000s\000t\000a\000n\000e\000\040\000t\000e\000c\000h\000n\000o\000l\000o\000g\000i\000e}{section.4}% 52
\BOOKMARK [1][-]{section.5}{\376\377\000K\000o\000n\000s\000t\000r\000u\000k\000c\000j\000a\000\040\000e\000k\000s\000p\000e\000r\000y\000m\000e\000n\000t\000u\000\040\000p\000o\000r\000\363\000w\000n\000a\000n\000i\000a\000\040\000m\000e\000t\000o\000d\000\040\000p\000l\000a\000n\000o\000w\000a\000n\000i\000a}{}% 53
\BOOKMARK [2][-]{subsection.5.1}{\376\377\000S\000k\001\102\000a\000d\000o\000w\000e\000\040\000e\000l\000e\000m\000e\000n\000t\000y\000\040\000u\000w\000z\000g\000l\001\031\000d\000n\000i\000o\000n\000e\000\040\000w\000\040\000e\000k\000s\000p\000e\000r\000y\000m\000e\000n\000c\000i\000e}{section.5}% 54
\BOOKMARK [2][-]{subsection.5.2}{\376\377\000M\000i\000a\000r\000y\000\040\000o\000c\000e\000n\000y}{section.5}% 55
\BOOKMARK [2][-]{subsection.5.3}{\376\377\000M\000o\000d\000e\000l\000o\000w\000a\000n\000i\000e\000\040\000f\000u\000n\000k\000c\000j\000o\000n\000o\000w\000a\000n\000i\000a\000\040\000c\000z\001\102\000o\000w\000i\000e\000k\000a}{section.5}% 56
\BOOKMARK [2][-]{subsection.5.4}{\376\377\000A\000r\000c\000h\000i\000t\000e\000k\000t\000u\000r\000a\000\040\000m\000o\000d\000e\000l\000i}{section.5}% 57
\BOOKMARK [3][-]{subsubsection.5.4.1}{\376\377\000P\000u\000n\000k\000t\000\040\000o\000d\000n\000i\000e\000s\000i\000e\000n\000i\000a}{subsection.5.4}% 58
\BOOKMARK [3][-]{subsubsection.5.4.2}{\376\377\000N\000i\000e\000z\000d\000o\000m\000i\000n\000o\000w\000a\000n\000y\000\040\000A\000l\000g\000o\000r\000y\000t\000m\000\040\000S\000o\000r\000t\000o\000w\000a\000n\000i\000a\000\040\000G\000e\000n\000e\000t\000y\000c\000z\000n\000e\000g\000o\000\040\000-\000\040\000N\000S\000G\000A\000P\000l\000a\000n\000n\000e\000r}{subsection.5.4}% 59
\BOOKMARK [3][-]{subsubsection.5.4.3}{\376\377\000P\000r\000o\000x\000i\000m\000a\000l\000\040\000P\000o\000l\000i\000c\000y\000\040\000O\000p\000t\000i\000m\000i\000z\000a\000t\000i\000o\000n\000\040\000-\000\040\000P\000P\000O\000P\000l\000a\000n\000n\000e\000r}{subsection.5.4}% 60
\BOOKMARK [2][-]{subsection.5.5}{\376\377\000P\000l\000a\000n\000\040\000e\000k\000s\000p\000e\000r\000y\000m\000e\000n\000t\000u}{section.5}% 61
\BOOKMARK [1][-]{section.6}{\376\377\000W\000y\000n\000i\000k\000i}{}% 62
\BOOKMARK [2][-]{subsection.6.1}{\376\377\000E\000t\000a\000p\000\040\0001}{section.6}% 63
\BOOKMARK [2][-]{subsection.6.2}{\376\377\000E\000t\000a\000p\000\040\0002}{section.6}% 64
\BOOKMARK [1][-]{section.7}{\376\377\000P\000o\000d\000s\000u\000m\000o\000w\000a\000n\000i\000e}{}% 65
\BOOKMARK [2][-]{subsection.7.1}{\376\377\000A\000n\000a\000l\000i\000z\000a\000\040\000w\000y\000n\000i\000k\000\363\000w\000\040\000e\000k\000s\000p\000e\000r\000y\000m\000e\000n\000t\000u}{section.7}% 66
\BOOKMARK [2][-]{subsection.7.2}{\376\377\000O\000c\000e\000n\000a\000\040\000u\001\174\000y\000t\000e\000c\000z\000n\000o\001\133\000c\000i\000\040\000w\000y\000b\000r\000a\000n\000y\000c\000h\000\040\000m\000e\000t\000o\000d\000\040\000a\000u\000t\000o\000m\000a\000t\000y\000z\000a\000c\000j\000i\000\040\000p\000l\000a\000n\000o\000w\000a\000n\000i\000a\000\040\000z\000a\000d\000a\001\104}{section.7}% 67
\BOOKMARK [2][-]{subsection.7.3}{\376\377\000M\000o\001\174\000l\000i\000w\000o\001\133\001\007\000\040\000d\000a\000l\000s\000z\000e\000g\000o\000\040\000r\000o\000z\000w\000o\000j\000u\000\040\000t\000e\000m\000a\000t\000y\000k\000i\000\040\000p\000r\000a\000c\000y}{section.7}% 68
\BOOKMARK [1][-]{section*.15}{\376\377\000S\000p\000i\000s\000\040\000r\000y\000s\000u\000n\000k\000\363\000w}{}% 69
\BOOKMARK [1][-]{section*.16}{\376\377\000S\000p\000i\000s\000\040\000t\000a\000b\000e\000l}{}% 70
